preflight: verifying environment assumptions...
preflight OK: easycrypt + solvers ['Alt-Ergo', 'Z3', 'CVC5'] all verified end-to-end

retime: 196 pair(s) from sweep (135 ok x 3 reps, 61 failed x 1 confirmation), serial
warmup: baseline compile of 49 file(s) in-tree (builds .eco dep caches)
  [warmup] examples/docgen/docgenbasic.ec                               OK       0.3s
  [warmup] examples/UC/MapAux.ec                                        OK       0.3s
  [warmup] examples/ChaChaPoly/chacha_poly.ec                           OK       0.3s
  [warmup] examples/ehoare/adversary.ec                                 OK       0.3s
  [warmup] examples/MEE-CBC/FunctionalSpec.ec                           OK       0.3s
  [warmup] examples/ChaChaPoly/ske.ec                                   OK       0.2s
  [warmup] examples/UC/RndO.ec                                          OK       0.3s
  [warmup] examples/global-hybrid/GlobalHybridExamp1.ec                 OK       0.3s
  [warmup] examples/MEE-CBC/RCPA_CMA.ec                                 OK       0.2s
  [warmup] examples/incomplete/FDH.ec                                   FAIL     0.2s
  [warmup] examples/UC/composition.ec                                   OK       0.2s
  [warmup] examples/global-hybrid/GlobalHybridExamp2.ec                 OK       0.3s
  [warmup] examples/UC/dh_enc.ec                                        OK       0.2s
  [warmup] examples/plug-and-pray/Plug_and_Pray_example.ec              OK       0.2s
  [warmup] examples/prg-tutorial/PRGc.ec                                OK       0.2s
  [warmup] examples/tactics/inline.ec                                   OK       0.2s
  [warmup] examples/to-port/RingCloning.ec                              FAIL     0.2s
  [warmup] examples/tactics/simplify_if.ec                              OK       0.2s
  [warmup] the-joy-of-easycrypt/02-easycrypt-intro/abstract-ind-ror.ec  OK       0.3s
  [warmup] the-joy-of-easycrypt/03-ambient-logic/ambient-logic.ec       OK       0.3s
  [warmup] examples/old/list-ddh/DDH.ec                                 FAIL     1.6s
  [warmup] the-joy-of-easycrypt/04-hoare-logic/hoare-logic.ec           OK       0.2s
  [warmup] the-joy-of-easycrypt/05-relational-hoare-logic/relational-hoare-logic.ec OK       0.2s
  [warmup] examples/old/trapdoor.ec                                     FAIL     2.2s
  [warmup] examples/old/list-ddh/DDH_indexed.ec                         FAIL     1.5s
  [warmup] examples/to-port/hashed_elgamal.ec                           FAIL     2.3s
  [warmup] examples/old/list-ddh/RandOracle.ec                          FAIL     1.3s
  [warmup] examples/old/list-ddh/list_ddh_no_inner.ec                   FAIL     0.2s
  [warmup] examples/cramer-shoup/bad_abs.ec                             OK       5.5s
  [warmup] examples/Dice4_6.ec                                          OK       5.5s
  [warmup] examples/ehoare/qselect/qselect.ec                           OK       5.5s
  [warmup] examples/FundamentalLemma.ec                                 OK       0.2s
  [warmup] examples/cramer-shoup/cramer_shoup.ec                        OK       0.2s
  [warmup] examples/PIR.ec                                              OK       0.2s
  [warmup] examples/PRG.ec                                              OK       0.2s
  [warmup] examples/Pedersen.ec                                         OK       0.2s
  [warmup] examples/RWhileSampling.ec                                   OK       0.2s
  [warmup] examples/SchnorrPK.ec                                        OK       0.2s
  [warmup] examples/Upto.ec                                             OK       0.2s
  [warmup] examples/WF-examp.ec                                         OK       0.2s
  [warmup] examples/WhileSampling.ec                                    OK       0.2s
  [warmup] examples/async-while.ec                                      OK       0.2s
  [warmup] examples/async_while.ec                                      OK       0.2s
  [warmup] examples/br93.ec                                             OK       0.2s
  [warmup] examples/elgamal.ec                                          OK       0.2s
  [warmup] examples/hashed_elgamal_generic.ec                           OK       0.2s
  [warmup] examples/hashed_elgamal_std.ec                               OK       0.2s
  [warmup] examples/upto_syntaxtic.ec                                   OK       0.2s
  [warmup] examples/ehoare/random_boolean_matrix.ec                     FAIL    12.0s
warmup done (9 baseline failures — kept, they are data)

  examples/ChaChaPoly/chacha_poly.ec                           Alt-Ergo       FAIL median   16.61s
  examples/ChaChaPoly/chacha_poly.ec                           CVC5           FAIL median   13.40s
  examples/ChaChaPoly/chacha_poly.ec                           Z3             FAIL median   19.10s
  examples/ChaChaPoly/chacha_poly.ec                           default(all)   OK   median   49.49s
  examples/ChaChaPoly/ske.ec                                   Alt-Ergo       OK   median    1.69s
  examples/ChaChaPoly/ske.ec                                   CVC5           OK   median    1.71s
  examples/ChaChaPoly/ske.ec                                   Z3             OK   median    1.75s
  examples/ChaChaPoly/ske.ec                                   default(all)   OK   median    1.71s
  examples/Dice4_6.ec                                          Alt-Ergo       OK   median    2.01s
  examples/Dice4_6.ec                                          CVC5           FAIL median    1.88s
  examples/Dice4_6.ec                                          Z3             OK   median    2.01s
  examples/Dice4_6.ec                                          default(all)   OK   median    2.03s
  examples/FundamentalLemma.ec                                 Alt-Ergo       FAIL median    1.61s
  examples/FundamentalLemma.ec                                 CVC5           OK   median    1.68s
  examples/FundamentalLemma.ec                                 Z3             OK   median    1.81s
  examples/FundamentalLemma.ec                                 default(all)   OK   median    1.77s
